Archive member included to satisfy reference by file (symbol)

c:/st/stm32cubeide_1.7.0/stm32cubeide/plugins/com.st.stm32cube.ide.mcu.externaltools.gnu-tools-for-stm32.9-2020-q2-update.win32_2.0.0.202105311346/tools/bin/../lib/gcc/arm-none-eabi/9.3.1/../../../../arm-none-eabi/lib/thumb/v7-m/nofp\libc_nano.a(lib_a-errno.o)
                              ./Core/Src/syscalls.o (__errno)
c:/st/stm32cubeide_1.7.0/stm32cubeide/plugins/com.st.stm32cube.ide.mcu.externaltools.gnu-tools-for-stm32.9-2020-q2-update.win32_2.0.0.202105311346/tools/bin/../lib/gcc/arm-none-eabi/9.3.1/../../../../arm-none-eabi/lib/thumb/v7-m/nofp\libc_nano.a(lib_a-exit.o)
                              c:/st/stm32cubeide_1.7.0/stm32cubeide/plugins/com.st.stm32cube.ide.mcu.externaltools.gnu-tools-for-stm32.9-2020-q2-update.win32_2.0.0.202105311346/tools/bin/../lib/gcc/arm-none-eabi/9.3.1/../../../../arm-none-eabi/lib/thumb/v7-m/nofp/crt0.o (exit)
c:/st/stm32cubeide_1.7.0/stm32cubeide/plugins/com.st.stm32cube.ide.mcu.externaltools.gnu-tools-for-stm32.9-2020-q2-update.win32_2.0.0.202105311346/tools/bin/../lib/gcc/arm-none-eabi/9.3.1/../../../../arm-none-eabi/lib/thumb/v7-m/nofp\libc_nano.a(lib_a-impure.o)
                              c:/st/stm32cubeide_1.7.0/stm32cubeide/plugins/com.st.stm32cube.ide.mcu.externaltools.gnu-tools-for-stm32.9-2020-q2-update.win32_2.0.0.202105311346/tools/bin/../lib/gcc/arm-none-eabi/9.3.1/../../../../arm-none-eabi/lib/thumb/v7-m/nofp\libc_nano.a(lib_a-exit.o) (_global_impure_ptr)
c:/st/stm32cubeide_1.7.0/stm32cubeide/plugins/com.st.stm32cube.ide.mcu.externaltools.gnu-tools-for-stm32.9-2020-q2-update.win32_2.0.0.202105311346/tools/bin/../lib/gcc/arm-none-eabi/9.3.1/../../../../arm-none-eabi/lib/thumb/v7-m/nofp\libc_nano.a(lib_a-init.o)
                              c:/st/stm32cubeide_1.7.0/stm32cubeide/plugins/com.st.stm32cube.ide.mcu.externaltools.gnu-tools-for-stm32.9-2020-q2-update.win32_2.0.0.202105311346/tools/bin/../lib/gcc/arm-none-eabi/9.3.1/../../../../arm-none-eabi/lib/thumb/v7-m/nofp/crt0.o (__libc_init_array)
c:/st/stm32cubeide_1.7.0/stm32cubeide/plugins/com.st.stm32cube.ide.mcu.externaltools.gnu-tools-for-stm32.9-2020-q2-update.win32_2.0.0.202105311346/tools/bin/../lib/gcc/arm-none-eabi/9.3.1/../../../../arm-none-eabi/lib/thumb/v7-m/nofp\libc_nano.a(lib_a-memset.o)
                              c:/st/stm32cubeide_1.7.0/stm32cubeide/plugins/com.st.stm32cube.ide.mcu.externaltools.gnu-tools-for-stm32.9-2020-q2-update.win32_2.0.0.202105311346/tools/bin/../lib/gcc/arm-none-eabi/9.3.1/../../../../arm-none-eabi/lib/thumb/v7-m/nofp/crt0.o (memset)

Allocating common symbols
Common symbol       size              file

local_green_time1   0x4               ./Core/Src/global.o
local_red_time2     0x4               ./Core/Src/global.o
red_time1           0x4               ./Core/Src/global.o
uwTick              0x4               ./Drivers/STM32F1xx_HAL_Driver/Src/stm32f1xx_hal.o
pFlash              0x20              ./Drivers/STM32F1xx_HAL_Driver/Src/stm32f1xx_hal_flash.o
red_time2           0x4               ./Core/Src/global.o
local_amber_time2   0x4               ./Core/Src/global.o
local_amber_time1   0x4               ./Core/Src/global.o
local_green_time2   0x4               ./Core/Src/global.o
htim2               0x48              ./Core/Src/main.o
local_red_time1     0x4               ./Core/Src/global.o

Discarded input sections

 .text          0x0000000000000000        0x0 c:/st/stm32cubeide_1.7.0/stm32cubeide/plugins/com.st.stm32cube.ide.mcu.externaltools.gnu-tools-for-stm32.9-2020-q2-update.win32_2.0.0.202105311346/tools/bin/../lib/gcc/arm-none-eabi/9.3.1/thumb/v7-m/nofp/crti.o
 .data          0x0000000000000000        0x0 c:/st/stm32cubeide_1.7.0/stm32cubeide/plugins/com.st.stm32cube.ide.mcu.externaltools.gnu-tools-for-stm32.9-2020-q2-update.win32_2.0.0.202105311346/tools/bin/../lib/gcc/arm-none-eabi/9.3.1/thumb/v7-m/nofp/crti.o
 .bss           0x0000000000000000        0x0 c:/st/stm32cubeide_1.7.0/stm32cubeide/plugins/com.st.stm32cube.ide.mcu.externaltools.gnu-tools-for-stm32.9-2020-q2-update.win32_2.0.0.202105311346/tools/bin/../lib/gcc/arm-none-eabi/9.3.1/thumb/v7-m/nofp/crti.o
 .data          0x0000000000000000        0x4 c:/st/stm32cubeide_1.7.0/stm32cubeide/plugins/com.st.stm32cube.ide.mcu.externaltools.gnu-tools-for-stm32.9-2020-q2-update.win32_2.0.0.202105311346/tools/bin/../lib/gcc/arm-none-eabi/9.3.1/thumb/v7-m/nofp/crtbegin.o
 .text          0x0000000000000000       0x7c c:/st/stm32cubeide_1.7.0/stm32cubeide/plugins/com.st.stm32cube.ide.mcu.externaltools.gnu-tools-for-stm32.9-2020-q2-update.win32_2.0.0.202105311346/tools/bin/../lib/gcc/arm-none-eabi/9.3.1/../../../../arm-none-eabi/lib/thumb/v7-m/nofp/crt0.o
 .data          0x0000000000000000        0x0 c:/st/stm32cubeide_1.7.0/stm32cubeide/plugins/com.st.stm32cube.ide.mcu.externaltools.gnu-tools-for-stm32.9-2020-q2-update.win32_2.0.0.202105311346/tools/bin/../lib/gcc/arm-none-eabi/9.3.1/../../../../arm-none-eabi/lib/thumb/v7-m/nofp/crt0.o
[...]
Memory Configuration

Name             Origin             Length             Attributes
RAM              0x0000000020000000 0x0000000000002800 xrw
FLASH            0x0000000008000000 0x0000000000008000 xr
*default*        0x0000000000000000 0xffffffffffffffff

Linker script and memory map

LOAD c:/st/stm32cubeide_1.7.0/stm32cubeide/plugins/com.st.stm32cube.ide.mcu.externaltools.gnu-tools-for-stm32.9-2020-q2-update.win32_2.0.0.202105311346/tools/bin/../lib/gcc/arm-none-eabi/9.3.1/thumb/v7-m/nofp/crti.o
LOAD c:/st/stm32cubeide_1.7.0/stm32cubeide/plugins/com.st.stm32cube.ide.mcu.externaltools.gnu-tools-for-stm32.9-2020-q2-update.win32_2.0.0.202105311346/tools/bin/../lib/gcc/arm-none-eabi/9.3.1/thumb/v7-m/nofp/crtbegin.o
LOAD c:/st/stm32cubeide_1.7.0/stm32cubeide/plugins/com.st.stm32cube.ide.mcu.externaltools.gnu-tools-for-stm32.9-2020-q2-update.win32_2.0.0.202105311346/tools/bin/../lib/gcc/arm-none-eabi/9.3.1/../../../../arm-none-eabi/lib/thumb/v7-m/nofp/crt0.o
LOAD ./Core/Src/7segment.o
LOAD ./Core/Src/button.o
LOAD ./Core/Src/fsm_auto.o
LOAD ./Core/Src/fsm_manual.o
LOAD ./Core/Src/global.o
LOAD ./Core/Src/led_traffic.o
LOAD ./Core/Src/main.o
LOAD ./Core/Src/stm32f1xx_hal_msp.o
LOAD ./Core/Src/stm32f1xx_it.o
LOAD ./Core/Src/syscalls.o
LOAD ./Core/Src/sysmem.o
LOAD ./Core/Src/system_stm32f1xx.o
LOAD ./Core/Src/timer.o
LOAD ./Core/Startup/startup_stm32f103c6tx.o
LOAD ./Drivers/STM32F1xx_HAL_Driver/Src/stm32f1xx_hal.o
LOAD ./Drivers/STM32F1xx_HAL_Driver/Src/stm32f1xx_hal_cortex.o
LOAD ./Drivers/STM32F1xx_HAL_Driver/Src/stm32f1xx_hal_dma.o
LOAD ./Drivers/STM32F1xx_HAL_Driver/Src/stm32f1xx_hal_exti.o
LOAD ./Drivers/STM32F1xx_HAL_Driver/Src/stm32f1xx_hal_flash.o
LOAD ./Drivers/STM32F1xx_HAL_Driver/Src/stm32f1xx_hal_flash_ex.o
LOAD ./Drivers/STM32F1xx_HAL_Driver/Src/stm32f1xx_hal_gpio.o
LOAD ./Drivers/STM32F1xx_HAL_Driver/Src/stm32f1xx_hal_gpio_ex.o
LOAD ./Drivers/STM32F1xx_HAL_Driver/Src/stm32f1xx_hal_pwr.o
LOAD ./Drivers/STM32F1xx_HAL_Driver/Src/stm32f1xx_hal_rcc.o
LOAD ./Drivers/STM32F1xx_HAL_Driver/Src/stm32f1xx_hal_rcc_ex.o
LOAD ./Drivers/STM32F1xx_HAL_Driver/Src/stm32f1xx_hal_tim.o
LOAD ./Drivers/STM32F1xx_HAL_Driver/Src/stm32f1xx_hal_tim_ex.o
START GROUP
LOAD c:/st/stm32cubeide_1.7.0/stm32cubeide/plugins/com.st.stm32cube.ide.mcu.externaltools.gnu-tools-for-stm32.9-2020-q2-update.win32_2.0.0.202105311346/tools/bin/../lib/gcc/arm-none-eabi/9.3.1/../../../../arm-none-eabi/lib/thumb/v7-m/nofp\libc_nano.a
LOAD c:/st/stm32cubeide_1.7.0/stm32cubeide/plugins/com.st.stm32cube.ide.mcu.externaltools.gnu-tools-for-stm32.9-2020-q2-update.win32_2.0.0.202105311346/tools/bin/../lib/gcc/arm-none-eabi/9.3.1/../../../../arm-none-eabi/lib/thumb/v7-m/nofp\libm.a
END GROUP
START GROUP
LOAD c:/st/stm32cubeide_1.7.0/stm32cubeide/plugins/com.st.stm32cube.ide.mcu.externaltools.gnu-tools-for-stm32.9-2020-q2-update.win32_2.0.0.202105311346/tools/bin/../lib/gcc/arm-none-eabi/9.3.1/thumb/v7-m/nofp\libgcc.a
LOAD c:/st/stm32cubeide_1.7.0/stm32cubeide/plugins/com.st.stm32cube.ide.mcu.externaltools.gnu-tools-for-stm32.9-2020-q2-update.win32_2.0.0.202105311346/tools/bin/../lib/gcc/arm-none-eabi/9.3.1/../../../../arm-none-eabi/lib/thumb/v7-m/nofp\libc_nano.a
END GROUP
START GROUP
LOAD c:/st/stm32cubeide_1.7.0/stm32cubeide/plugins/com.st.stm32cube.ide.mcu.externaltools.gnu-tools-for-stm32.9-2020-q2-update.win32_2.0.0.202105311346/tools/bin/../lib/gcc/arm-none-eabi/9.3.1/thumb/v7-m/nofp\libgcc.a
LOAD c:/st/stm32cubeide_1.7.0/stm32cubeide/plugins/com.st.stm32cube.ide.mcu.externaltools.gnu-tools-for-stm32.9-2020-q2-update.win32_2.0.0.202105311346/tools/bin/../lib/gcc/arm-none-eabi/9.3.1/../../../../arm-none-eabi/lib/thumb/v7-m/nofp\libc_nano.a
LOAD c:/st/stm32cubeide_1.7.0/stm32cubeide/plugins/com.st.stm32cube.ide.mcu.externaltools.gnu-tools-for-stm32.9-2020-q2-update.win32_2.0.0.202105311346/tools/bin/../lib/gcc/arm-none-eabi/9.3.1/../../../../arm-none-eabi/lib/thumb/v7-m/nofp\libnosys.a
END GROUP
START GROUP
LOAD c:/st/stm32cubeide_1.7.0/stm32cubeide/plugins/com.st.stm32cube.ide.mcu.externaltools.gnu-tools-for-stm32.9-2020-q2-update.win32_2.0.0.202105311346/tools/bin/../lib/gcc/arm-none-eabi/9.3.1/thumb/v7-m/nofp\libgcc.a
LOAD c:/st/stm32cubeide_1.7.0/stm32cubeide/plugins/com.st.stm32cube.ide.mcu.externaltools.gnu-tools-for-stm32.9-2020-q2-update.win32_2.0.0.202105311346/tools/bin/../lib/gcc/arm-none-eabi/9.3.1/../../../../arm-none-eabi/lib/thumb/v7-m/nofp\libc_nano.a
LOAD c:/st/stm32cubeide_1.7.0/stm32cubeide/plugins/com.st.stm32cube.ide.mcu.externaltools.gnu-tools-for-stm32.9-2020-q2-update.win32_2.0.0.202105311346/tools/bin/../lib/gcc/arm-none-eabi/9.3.1/../../../../arm-none-eabi/lib/thumb/v7-m/nofp\libnosys.a
END GROUP
LOAD c:/st/stm32cubeide_1.7.0/stm32cubeide/plugins/com.st.stm32cube.ide.mcu.externaltools.gnu-tools-for-stm32.9-2020-q2-update.win32_2.0.0.202105311346/tools/bin/../lib/gcc/arm-none-eabi/9.3.1/thumb/v7-m/nofp/crtend.o
LOAD c:/st/stm32cubeide_1.7.0/stm32cubeide/plugins/com.st.stm32cube.ide.mcu.externaltools.gnu-tools-for-stm32.9-2020-q2-update.win32_2.0.0.202105311346/tools/bin/../lib/gcc/arm-none-eabi/9.3.1/thumb/v7-m/nofp/crtn.o
                0x0000000020002800                _estack = (ORIGIN (RAM) + LENGTH (RAM))
                0x0000000000000200                _Min_Heap_Size = 0x200
                0x0000000000000400                _Min_Stack_Size = 0x400

.isr_vector     0x0000000008000000      0x10c
                0x0000000008000000                . = ALIGN (0x4)
 *(.isr_vector)
 .isr_vector    0x0000000008000000      0x10c ./Core/Startup/startup_stm32f103c6tx.o
                0x0000000008000000                g_pfnVectors
                0x000000000800010c                . = ALIGN (0x4)

.text           0x000000000800010c     0x2f6c
                0x000000000800010c                . = ALIGN (0x4)
 *(.text)
 .text          0x000000000800010c       0x40 c:/st/stm32cubeide_1.7.0/stm32cubeide/plugins/com.st.stm32cube.ide.mcu.externaltools.gnu-tools-for-stm32.9-2020-q2-update.win32_2.0.0.202105311346/tools/bin/../lib/gcc/arm-none-eabi/9.3.1/thumb/v7-m/nofp/crtbegin.o
 *(.text*)
 .text.display7seg_1
                0x000000000800014c      0x178 ./Core/Src/7segment.o
                0x000000000800014c                display7seg_1
 .text.display7seg_2
                0x00000000080002c4      0x178 ./Core/Src/7segment.o
                0x00000000080002c4                display7seg_2
 .text.update7seg
                0x000000000800043c      0x118 ./Core/Src/7segment.o
                0x000000000800043c                update7seg
 .text.update7segBuffer
                0x0000000008000554       0xf8 ./Core/Src/7segment.o
                0x0000000008000554                update7segBuffer
 .text.getKeyInput
                0x000000000800064c      0x150 ./Core/Src/button.o
                0x000000000800064c                getKeyInput
 .text.fsm_auto_run
                0x000000000800079c      0x500 ./Core/Src/fsm_auto.o
                0x000000000800079c                fsm_auto_run
 .text.fsm_man_run
                0x0000000008000c9c      0x834 ./Core/Src/fsm_manual.o
                0x0000000008000c9c                fsm_man_run
 .text.led_green_red
                0x00000000080014d0       0x20 ./Core/Src/led_traffic.o
                0x00000000080014d0                led_green_red
 .text.led_amber_red
                0x00000000080014f0       0x20 ./Core/Src/led_traffic.o
                0x00000000080014f0                led_amber_red
 .text.led_red_green
                0x0000000008001510       0x20 ./Core/Src/led_traffic.o
                0x0000000008001510                led_red_green
 .text.led_red_amber
                0x0000000008001530       0x20 ./Core/Src/led_traffic.o
                0x0000000008001530                led_red_amber
 .text.toggle_led_green_red
                0x0000000008001550       0x28 ./Core/Src/led_traffic.o
                0x0000000008001550                toggle_led_green_red
 .text.toggle_led_amber_red
                0x0000000008001578       0x28 ./Core/Src/led_traffic.o
                0x0000000008001578                toggle_led_amber_red
 .text.toggle_led_red_green
                0x00000000080015a0       0x28 ./Core/Src/led_traffic.o
                0x00000000080015a0                toggle_led_red_green
 .text.toggle_led_red_amber
                0x00000000080015c8       0x28 ./Core/Src/led_traffic.o
                0x00000000080015c8                toggle_led_red_amber
 .text.main     0x00000000080015f0       0x28 ./Core/Src/main.o
                0x00000000080015f0                main
 .text.SystemClock_Config
                0x0000000008001618       0x76 ./Core/Src/main.o
                0x0000000008001618                SystemClock_Config
 *fill*         0x000000000800168e        0x2 
 .text.MX_TIM2_Init
                0x0000000008001690       0x98 ./Core/Src/main.o
 .text.MX_GPIO_Init
                0x0000000008001728       0xc4 ./Core/Src/main.o
 .text.HAL_TIM_PeriodElapsedCallback
                0x00000000080017ec       0x18 ./Core/Src/main.o
                0x00000000080017ec                HAL_TIM_PeriodElapsedCallback
 .text.Error_Handler
                0x0000000008001804        0xa ./Core/Src/main.o
                0x0000000008001804                Error_Handler
 *fill*         0x000000000800180e        0x2 
 .text.HAL_MspInit
                0x0000000008001810       0x64 ./Core/Src/stm32f1xx_hal_msp.o
                0x0000000008001810                HAL_MspInit
 .text.HAL_TIM_Base_MspInit
                0x0000000008001874       0x48 ./Core/Src/stm32f1xx_hal_msp.o
                0x0000000008001874                HAL_TIM_Base_MspInit
 .text.NMI_Handler
                0x00000000080018bc        0x6 ./Core/Src/stm32f1xx_it.o
                0x00000000080018bc                NMI_Handler
 .text.HardFault_Handler
                0x00000000080018c2        0x6 ./Core/Src/stm32f1xx_it.o
                0x00000000080018c2                HardFault_Handler
 .text.MemManage_Handler
                0x00000000080018c8        0x6 ./Core/Src/stm32f1xx_it.o
                0x00000000080018c8                MemManage_Handler
 .text.BusFault_Handler
                0x00000000080018ce        0x6 ./Core/Src/stm32f1xx_it.o
                0x00000000080018ce                BusFault_Handler
 .text.UsageFault_Handler
                0x00000000080018d4        0x6 ./Core/Src/stm32f1xx_it.o
                0x00000000080018d4                UsageFault_Handler
 .text.SVC_Handler
                0x00000000080018da        0xc ./Core/Src/stm32f1xx_it.o
                0x00000000080018da                SVC_Handler
 .text.DebugMon_Handler
                0x00000000080018e6        0xc ./Core/Src/stm32f1xx_it.o
                0x00000000080018e6                DebugMon_Handler
 .text.PendSV_Handler
                0x00000000080018f2        0xc ./Core/Src/stm32f1xx_it.o
                0x00000000080018f2                PendSV_Handler
 .text.SysTick_Handler
                0x00000000080018fe        0xc ./Core/Src/stm32f1xx_it.o
                0x00000000080018fe                SysTick_Handler
 *fill*         0x000000000800190a        0x2 
 .text.TIM2_IRQHandler
                0x000000000800190c       0x14 ./Core/Src/stm32f1xx_it.o
                0x000000000800190c                TIM2_IRQHandler
 .text.SystemInit
                0x0000000008001920        0xc ./Core/Src/system_stm32f1xx.o
                0x0000000008001920                SystemInit
 .text.setTimer
                0x000000000800192c       0x3c ./Core/Src/timer.o
                0x000000000800192c                setTimer
 .text.timerRun
                0x0000000008001968       0x60 ./Core/Src/timer.o
                0x0000000008001968                timerRun
 .text.checkTimer
                0x00000000080019c8       0x20 ./Core/Src/timer.o
                0x00000000080019c8                checkTimer
 .text.Reset_Handler
                0x00000000080019e8       0x48 ./Core/Startup/startup_stm32f103c6tx.o
                0x00000000080019e8                Reset_Handler
 .text.Default_Handler
                0x0000000008001a30        0x2 ./Core/Startup/startup_stm32f103c6tx.o
                0x0000000008001a30                RTC_Alarm_IRQHandler
                0x0000000008001a30                EXTI2_IRQHandler
                0x0000000008001a30                TIM1_CC_IRQHandler
                0x0000000008001a30                PVD_IRQHandler
                0x0000000008001a30                EXTI3_IRQHandler
                0x0000000008001a30                EXTI0_IRQHandler
                0x0000000008001a30                ADC1_2_IRQHandler
                0x0000000008001a30                SPI1_IRQHandler
                0x0000000008001a30                TAMPER_IRQHandler
                0x0000000008001a30                DMA1_Channel4_IRQHandler
                0x0000000008001a30                RTC_IRQHandler
                0x0000000008001a30                DMA1_Channel7_IRQHandler
                0x0000000008001a30                CAN1_RX1_IRQHandler
                0x0000000008001a30                I2C1_EV_IRQHandler
                0x0000000008001a30                DMA1_Channel6_IRQHandler
                0x0000000008001a30                TIM3_IRQHandler
                0x0000000008001a30                RCC_IRQHandler
                0x0000000008001a30                TIM1_TRG_COM_IRQHandler
                0x0000000008001a30                DMA1_Channel1_IRQHandler
                0x0000000008001a30                Default_Handler
                0x0000000008001a30                EXTI15_10_IRQHandler
                0x0000000008001a30                EXTI9_5_IRQHandler
                0x0000000008001a30                DMA1_Channel5_IRQHandler
                0x0000000008001a30                EXTI4_IRQHandler
                0x0000000008001a30                USB_LP_CAN1_RX0_IRQHandler
                0x0000000008001a30                USB_HP_CAN1_TX_IRQHandler
                0x0000000008001a30                DMA1_Channel3_IRQHandler
                0x0000000008001a30                TIM1_UP_IRQHandler
                0x0000000008001a30                WWDG_IRQHandler
                0x0000000008001a30                TIM1_BRK_IRQHandler
                0x0000000008001a30                EXTI1_IRQHandler
                0x0000000008001a30                USART2_IRQHandler
                0x0000000008001a30                DMA1_Channel2_IRQHandler
                0x0000000008001a30                CAN1_SCE_IRQHandler
                0x0000000008001a30                FLASH_IRQHandler
                0x0000000008001a30                USART1_IRQHandler
                0x0000000008001a30                I2C1_ER_IRQHandler
                0x0000000008001a30                USBWakeUp_IRQHandler
 *fill*         0x0000000008001a32        0x2 
 .text.HAL_Init
                0x0000000008001a34       0x2c ./Drivers/STM32F1xx_HAL_Driver/Src/stm32f1xx_hal.o
                0x0000000008001a34                HAL_Init
 .text.HAL_InitTick
                0x0000000008001a60       0x60 ./Drivers/STM32F1xx_HAL_Driver/Src/stm32f1xx_hal.o
                0x0000000008001a60                HAL_InitTick
 .text.HAL_IncTick
                0x0000000008001ac0       0x24 ./Drivers/STM32F1xx_HAL_Driver/Src/stm32f1xx_hal.o
                0x0000000008001ac0                HAL_IncTick
 .text.HAL_GetTick
                0x0000000008001ae4       0x14 ./Drivers/STM32F1xx_HAL_Driver/Src/stm32f1xx_hal.o
                0x0000000008001ae4                HAL_GetTick
 .text.__NVIC_SetPriorityGrouping
                0x0000000008001af8       0x48 ./Drivers/STM32F1xx_HAL_Driver/Src/stm32f1xx_hal_cortex.o
 .text.__NVIC_GetPriorityGrouping
                0x0000000008001b40       0x1c ./Drivers/STM32F1xx_HAL_Driver/Src/stm32f1xx_hal_cortex.o
 .text.__NVIC_EnableIRQ
                0x0000000008001b5c       0x38 ./Drivers/STM32F1xx_HAL_Driver/Src/stm32f1xx_hal_cortex.o
 .text.__NVIC_SetPriority
                0x0000000008001b94       0x54 ./Drivers/STM32F1xx_HAL_Driver/Src/stm32f1xx_hal_cortex.o
 .text.NVIC_EncodePriority
                0x0000000008001be8       0x64 ./Drivers/STM32F1xx_HAL_Driver/Src/stm32f1xx_hal_cortex.o
 .text.SysTick_Config
                0x0000000008001c4c       0x44 ./Drivers/STM32F1xx_HAL_Driver/Src/stm32f1xx_hal_cortex.o
 .text.HAL_NVIC_SetPriorityGrouping
                0x0000000008001c90       0x16 ./Drivers/STM32F1xx_HAL_Driver/Src/stm32f1xx_hal_cortex.o
                0x0000000008001c90                HAL_NVIC_SetPriorityGrouping
 .text.HAL_NVIC_SetPriority
                0x0000000008001ca6       0x38 ./Drivers/STM32F1xx_HAL_Driver/Src/stm32f1xx_hal_cortex.o
                0x0000000008001ca6                HAL_NVIC_SetPriority
 .text.HAL_NVIC_EnableIRQ
                0x0000000008001cde       0x1c ./Drivers/STM32F1xx_HAL_Driver/Src/stm32f1xx_hal_cortex.o
                0x0000000008001cde                HAL_NVIC_EnableIRQ
 .text.HAL_SYSTICK_Config
                0x0000000008001cfa       0x18 ./Drivers/STM32F1xx_HAL_Driver/Src/stm32f1xx_hal_cortex.o
                0x0000000008001cfa                HAL_SYSTICK_Config
 *fill*         0x0000000008001d12        0x2 
 .text.HAL_GPIO_Init
                0x0000000008001d14      0x2f4 ./Drivers/STM32F1xx_HAL_Driver/Src/stm32f1xx_hal_gpio.o
                0x0000000008001d14                HAL_GPIO_Init
 .text.HAL_GPIO_ReadPin
                0x0000000008002008       0x2e ./Drivers/STM32F1xx_HAL_Driver/Src/stm32f1xx_hal_gpio.o
                0x0000000008002008                HAL_GPIO_ReadPin
 .text.HAL_GPIO_WritePin
                0x0000000008002036       0x30 ./Drivers/STM32F1xx_HAL_Driver/Src/stm32f1xx_hal_gpio.o
                0x0000000008002036                HAL_GPIO_WritePin
 .text.HAL_GPIO_TogglePin
                0x0000000008002066       0x32 ./Drivers/STM32F1xx_HAL_Driver/Src/stm32f1xx_hal_gpio.o
                0x0000000008002066                HAL_GPIO_TogglePin
 .text.HAL_RCC_OscConfig
                0x0000000008002098      0x500 ./Drivers/STM32F1xx_HAL_Driver/Src/stm32f1xx_hal_rcc.o
                0x0000000008002098                HAL_RCC_OscConfig
 .text.HAL_RCC_ClockConfig
                0x0000000008002598      0x1d4 ./Drivers/STM32F1xx_HAL_Driver/Src/stm32f1xx_hal_rcc.o
                0x0000000008002598                HAL_RCC_ClockConfig
 .text.HAL_RCC_GetSysClockFreq
                0x000000000800276c       0xa8 ./Drivers/STM32F1xx_HAL_Driver/Src/stm32f1xx_hal_rcc.o
                0x000000000800276c                HAL_RCC_GetSysClockFreq
 .text.RCC_Delay
                0x0000000008002814       0x3c ./Drivers/STM32F1xx_HAL_Driver/Src/stm32f1xx_hal_rcc.o
 .text.HAL_TIM_Base_Init
                0x0000000008002850       0x9e ./Drivers/STM32F1xx_HAL_Driver/Src/stm32f1xx_hal_tim.o
                0x0000000008002850                HAL_TIM_Base_Init
 *fill*         0x00000000080028ee        0x2 
 .text.HAL_TIM_Base_Start_IT
                0x00000000080028f0       0x98 ./Drivers/STM32F1xx_HAL_Driver/Src/stm32f1xx_hal_tim.o
                0x00000000080028f0                HAL_TIM_Base_Start_IT
 .text.HAL_TIM_IRQHandler
                0x0000000008002988      0x1e0 ./Drivers/STM32F1xx_HAL_Driver/Src/stm32f1xx_hal_tim.o
                0x0000000008002988                HAL_TIM_IRQHandler
 .text.HAL_TIM_ConfigClockSource
                0x0000000008002b68      0x18e ./Drivers/STM32F1xx_HAL_Driver/Src/stm32f1xx_hal_tim.o
                0x0000000008002b68                HAL_TIM_ConfigClockSource
 .text.HAL_TIM_OC_DelayElapsedCallback
                0x0000000008002cf6       0x12 ./Drivers/STM32F1xx_HAL_Driver/Src/stm32f1xx_hal_tim.o
                0x0000000008002cf6                HAL_TIM_OC_DelayElapsedCallback
 .text.HAL_TIM_IC_CaptureCallback
                0x0000000008002d08       0x12 ./Drivers/STM32F1xx_HAL_Driver/Src/stm32f1xx_hal_tim.o
                0x0000000008002d08                HAL_TIM_IC_CaptureCallback
 .text.HAL_TIM_PWM_PulseFinishedCallback
                0x0000000008002d1a       0x12 ./Drivers/STM32F1xx_HAL_Driver/Src/stm32f1xx_hal_tim.o
                0x0000000008002d1a                HAL_TIM_PWM_PulseFinishedCallback
 .text.HAL_TIM_TriggerCallback
                0x0000000008002d2c       0x12 ./Drivers/STM32F1xx_HAL_Driver/Src/stm32f1xx_hal_tim.o
                0x0000000008002d2c                HAL_TIM_TriggerCallback
 *fill*         0x0000000008002d3e        0x2 
 .text.TIM_Base_SetConfig
                0x0000000008002d40       0xc8 ./Drivers/STM32F1xx_HAL_Driver/Src/stm32f1xx_hal_tim.o
                0x0000000008002d40                TIM_Base_SetConfig
 .text.TIM_TI1_ConfigInputStage
                0x0000000008002e08       0x5c ./Drivers/STM32F1xx_HAL_Driver/Src/stm32f1xx_hal_tim.o
 .text.TIM_TI2_ConfigInputStage
                0x0000000008002e64       0x5e ./Drivers/STM32F1xx_HAL_Driver/Src/stm32f1xx_hal_tim.o
 .text.TIM_ITRx_SetConfig
                0x0000000008002ec2       0x34 ./Drivers/STM32F1xx_HAL_Driver/Src/stm32f1xx_hal_tim.o
 .text.TIM_ETR_SetConfig
                0x0000000008002ef6       0x3e ./Drivers/STM32F1xx_HAL_Driver/Src/stm32f1xx_hal_tim.o
                0x0000000008002ef6                TIM_ETR_SetConfig
 .text.HAL_TIMEx_MasterConfigSynchronization
                0x0000000008002f34       0xb0 ./Drivers/STM32F1xx_HAL_Driver/Src/stm32f1xx_hal_tim_ex.o
                0x0000000008002f34                HAL_TIMEx_MasterConfigSynchronization
 .text.HAL_TIMEx_CommutCallback
                0x0000000008002fe4       0x12 ./Drivers/STM32F1xx_HAL_Driver/Src/stm32f1xx_hal_tim_ex.o
                0x0000000008002fe4                HAL_TIMEx_CommutCallback
 .text.HAL_TIMEx_BreakCallback
                0x0000000008002ff6       0x12 ./Drivers/STM32F1xx_HAL_Driver/Src/stm32f1xx_hal_tim_ex.o
                0x0000000008002ff6                HAL_TIMEx_BreakCallback
 .text.__libc_init_array
                0x0000000008003008       0x48 c:/st/stm32cubeide_1.7.0/stm32cubeide/plugins/com.st.stm32cube.ide.mcu.externaltools.gnu-tools-for-stm32.9-2020-q2-update.win32_2.0.0.202105311346/tools/bin/../lib/gcc/arm-none-eabi/9.3.1/../../../../arm-none-eabi/lib/thumb/v7-m/nofp\libc_nano.a(lib_a-init.o)
                0x0000000008003008                __libc_init_array
 .text.memset   0x0000000008003050       0x10 c:/st/stm32cubeide_1.7.0/stm32cubeide/plugins/com.st.stm32cube.ide.mcu.externaltools.gnu-tools-for-stm32.9-2020-q2-update.win32_2.0.0.202105311346/tools/bin/../lib/gcc/arm-none-eabi/9.3.1/../../../../arm-none-eabi/lib/thumb/v7-m/nofp\libc_nano.a(lib_a-memset.o)
                0x0000000008003050                memset
 *(.glue_7)
 .glue_7        0x0000000008003060        0x0 linker stubs
 *(.glue_7t)
 .glue_7t       0x0000000008003060        0x0 linker stubs
 *(.eh_frame)
 .eh_frame      0x0000000008003060        0x0 c:/st/stm32cubeide_1.7.0/stm32cubeide/plugins/com.st.stm32cube.ide.mcu.externaltools.gnu-tools-for-stm32.9-2020-q2-update.win32_2.0.0.202105311346/tools/bin/../lib/gcc/arm-none-eabi/9.3.1/thumb/v7-m/nofp/crtbegin.o
 *(.init)
 .init          0x0000000008003060        0x4 c:/st/stm32cubeide_1.7.0/stm32cubeide/plugins/com.st.stm32cube.ide.mcu.externaltools.gnu-tools-for-stm32.9-2020-q2-update.win32_2.0.0.202105311346/tools/bin/../lib/gcc/arm-none-eabi/9.3.1/thumb/v7-m/nofp/crti.o
                0x0000000008003060                _init
 .init          0x0000000008003064        0x8 c:/st/stm32cubeide_1.7.0/stm32cubeide/plugins/com.st.stm32cube.ide.mcu.externaltools.gnu-tools-for-stm32.9-2020-q2-update.win32_2.0.0.202105311346/tools/bin/../lib/gcc/arm-none-eabi/9.3.1/thumb/v7-m/nofp/crtn.o
 *(.fini)
 .fini          0x000000000800306c        0x4 c:/st/stm32cubeide_1.7.0/stm32cubeide/plugins/com.st.stm32cube.ide.mcu.externaltools.gnu-tools-for-stm32.9-2020-q2-update.win32_2.0.0.202105311346/tools/bin/../lib/gcc/arm-none-eabi/9.3.1/thumb/v7-m/nofp/crti.o
                0x000000000800306c                _fini
 .fini          0x0000000008003070        0x8 c:/st/stm32cubeide_1.7.0/stm32cubeide/plugins/com.st.stm32cube.ide.mcu.externaltools.gnu-tools-for-stm32.9-2020-q2-update.win32_2.0.0.202105311346/tools/bin/../lib/gcc/arm-none-eabi/9.3.1/thumb/v7-m/nofp/crtn.o
                0x0000000008003078                . = ALIGN (0x4)
                0x0000000008003078                _etext = .

.vfp11_veneer   0x0000000008003078        0x0
 .vfp11_veneer  0x0000000008003078        0x0 linker stubs

.v4_bx          0x0000000008003078        0x0
 .v4_bx         0x0000000008003078        0x0 linker stubs

.iplt           0x0000000008003078        0x0
 .iplt          0x0000000008003078        0x0 c:/st/stm32cubeide_1.7.0/stm32cubeide/plugins/com.st.stm32cube.ide.mcu.externaltools.gnu-tools-for-stm32.9-2020-q2-update.win32_2.0.0.202105311346/tools/bin/../lib/gcc/arm-none-eabi/9.3.1/thumb/v7-m/nofp/crtbegin.o

.rodata         0x0000000008003078       0x24
                0x0000000008003078                . = ALIGN (0x4)
 *(.rodata)
 *(.rodata*)
 .rodata.AHBPrescTable
                0x0000000008003078       0x10 ./Core/Src/system_stm32f1xx.o
                0x0000000008003078                AHBPrescTable
 .rodata.aPLLMULFactorTable.6032
                0x0000000008003088       0x10 ./Drivers/STM32F1xx_HAL_Driver/Src/stm32f1xx_hal_rcc.o
 .rodata.aPredivFactorTable.6033
                0x0000000008003098        0x2 ./Drivers/STM32F1xx_HAL_Driver/Src/stm32f1xx_hal_rcc.o
                0x000000000800309c                . = ALIGN (0x4)
 *fill*         0x000000000800309a        0x2 

.rel.dyn        0x000000000800309c        0x0
 .rel.iplt      0x000000000800309c        0x0 c:/st/stm32cubeide_1.7.0/stm32cubeide/plugins/com.st.stm32cube.ide.mcu.externaltools.gnu-tools-for-stm32.9-2020-q2-update.win32_2.0.0.202105311346/tools/bin/../lib/gcc/arm-none-eabi/9.3.1/thumb/v7-m/nofp/crtbegin.o

.ARM.extab      0x000000000800309c        0x0
                0x000000000800309c                . = ALIGN (0x4)
 *(.ARM.extab* .gnu.linkonce.armextab.*)
                0x000000000800309c                . = ALIGN (0x4)

.ARM            0x000000000800309c        0x0
                0x000000000800309c                . = ALIGN (0x4)
                0x000000000800309c                __exidx_start = .
 *(.ARM.exidx*)
                0x000000000800309c                __exidx_end = .
                0x000000000800309c                . = ALIGN (0x4)

.preinit_array  0x000000000800309c        0x0
                0x000000000800309c                . = ALIGN (0x4)
                0x000000000800309c                PROVIDE (__preinit_array_start = .)
 *(.preinit_array*)
                0x000000000800309c                PROVIDE (__preinit_array_end = .)
                0x000000000800309c                . = ALIGN (0x4)

.init_array     0x000000000800309c        0x4
                0x000000000800309c                . = ALIGN (0x4)
                0x000000000800309c                PROVIDE (__init_array_start = .)
 *(SORT_BY_NAME(.init_array.*))
 *(.init_array*)
 .init_array    0x000000000800309c        0x4 c:/st/stm32cubeide_1.7.0/stm32cubeide/plugins/com.st.stm32cube.ide.mcu.externaltools.gnu-tools-for-stm32.9-2020-q2-update.win32_2.0.0.202105311346/tools/bin/../lib/gcc/arm-none-eabi/9.3.1/thumb/v7-m/nofp/crtbegin.o
                0x00000000080030a0                PROVIDE (__init_array_end = .)
                0x00000000080030a0                . = ALIGN (0x4)

.fini_array     0x00000000080030a0        0x4
                0x00000000080030a0                . = ALIGN (0x4)
                [!provide]                        PROVIDE (__fini_array_start = .)
 *(SORT_BY_NAME(.fini_array.*))
 *(.fini_array*)
 .fini_array    0x00000000080030a0        0x4 c:/st/stm32cubeide_1.7.0/stm32cubeide/plugins/com.st.stm32cube.ide.mcu.externaltools.gnu-tools-for-stm32.9-2020-q2-update.win32_2.0.0.202105311346/tools/bin/../lib/gcc/arm-none-eabi/9.3.1/thumb/v7-m/nofp/crtbegin.o
                [!provide]                        PROVIDE (__fini_array_end = .)
                0x00000000080030a4                . = ALIGN (0x4)
                0x00000000080030a4                _sidata = LOADADDR (.data)

.data           0x0000000020000000       0x54 load address 0x00000000080030a4
                0x0000000020000000                . = ALIGN (0x4)
                0x0000000020000000                _sdata = .
 *(.data)
 *(.data*)
 .data.KeyReg0  0x0000000020000000        0xc ./Core/Src/button.o
                0x0000000020000000                KeyReg0
 .data.KeyReg1  0x000000002000000c        0xc ./Core/Src/button.o
                0x000000002000000c                KeyReg1
 .data.KeyReg2  0x0000000020000018        0xc ./Core/Src/button.o
                0x0000000020000018                KeyReg2
 .data.KeyReg3  0x0000000020000024        0xc ./Core/Src/button.o
                0x0000000020000024                KeyReg3
 .data.TimeOutForKeyPress
                0x0000000020000030        0x4 ./Core/Src/button.o
                0x0000000020000030                TimeOutForKeyPress
 .data.amber_time1
                0x0000000020000034        0x4 ./Core/Src/global.o
                0x0000000020000034                amber_time1
 .data.green_time1
                0x0000000020000038        0x4 ./Core/Src/global.o
                0x0000000020000038                green_time1
 .data.amber_time2
                0x000000002000003c        0x4 ./Core/Src/global.o
                0x000000002000003c                amber_time2
 .data.green_time2
                0x0000000020000040        0x4 ./Core/Src/global.o
                0x0000000020000040                green_time2
 .data.SystemCoreClock
                0x0000000020000044        0x4 ./Core/Src/system_stm32f1xx.o
                0x0000000020000044                SystemCoreClock
 .data.TIMER_CYCLE
                0x0000000020000048        0x4 ./Core/Src/timer.o
                0x0000000020000048                TIMER_CYCLE
 .data.uwTickPrio
                0x000000002000004c        0x4 ./Drivers/STM32F1xx_HAL_Driver/Src/stm32f1xx_hal.o
                0x000000002000004c                uwTickPrio
 .data.uwTickFreq
                0x0000000020000050        0x1 ./Drivers/STM32F1xx_HAL_Driver/Src/stm32f1xx_hal.o
                0x0000000020000050                uwTickFreq
 *(.RamFunc)
 *(.RamFunc*)
                0x0000000020000054                . = ALIGN (0x4)
 *fill*         0x0000000020000051        0x3 
                0x0000000020000054                _edata = .

.igot.plt       0x0000000020000054        0x0 load address 0x00000000080030f8
 .igot.plt      0x0000000020000054        0x0 c:/st/stm32cubeide_1.7.0/stm32cubeide/plugins/com.st.stm32cube.ide.mcu.externaltools.gnu-tools-for-stm32.9-2020-q2-update.win32_2.0.0.202105311346/tools/bin/../lib/gcc/arm-none-eabi/9.3.1/thumb/v7-m/nofp/crtbegin.o
                0x0000000020000054                . = ALIGN (0x4)

.bss            0x0000000020000054       0xfc load address 0x00000000080030f8
                0x0000000020000054                _sbss = .
                0x0000000020000054                __bss_start__ = _sbss
 *(.bss)
 .bss           0x0000000020000054       0x1c c:/st/stm32cubeide_1.7.0/stm32cubeide/plugins/com.st.stm32cube.ide.mcu.externaltools.gnu-tools-for-stm32.9-2020-q2-update.win32_2.0.0.202105311346/tools/bin/../lib/gcc/arm-none-eabi/9.3.1/thumb/v7-m/nofp/crtbegin.o
 *(.bss*)
 .bss.led_buffer
                0x0000000020000070       0x10 ./Core/Src/7segment.o
                0x0000000020000070                led_buffer
 .bss.index_led_1
                0x0000000020000080        0x4 ./Core/Src/7segment.o
                0x0000000020000080                index_led_1
 .bss.button_flag
                0x0000000020000084        0xc ./Core/Src/button.o
                0x0000000020000084                button_flag
 .bss.status    0x0000000020000090        0x4 ./Core/Src/global.o
                0x0000000020000090                status
 .bss.timerFlag
                0x0000000020000094       0x28 ./Core/Src/timer.o
                0x0000000020000094                timerFlag
 .bss.counter   0x00000000200000bc       0x28 ./Core/Src/timer.o
                0x00000000200000bc                counter
 *(COMMON)
 COMMON         0x00000000200000e4       0x20 ./Core/Src/global.o
                0x00000000200000e4                local_green_time1
                0x00000000200000e8                local_red_time2
                0x00000000200000ec                red_time1
                0x00000000200000f0                red_time2
                0x00000000200000f4                local_amber_time2
                0x00000000200000f8                local_amber_time1
                0x00000000200000fc                local_green_time2
                0x0000000020000100                local_red_time1
 COMMON         0x0000000020000104       0x48 ./Core/Src/main.o
                0x0000000020000104                htim2
 COMMON         0x000000002000014c        0x4 ./Drivers/STM32F1xx_HAL_Driver/Src/stm32f1xx_hal.o
                0x000000002000014c                uwTick
                0x0000000020000150                . = ALIGN (0x4)
                0x0000000020000150                _ebss = .
                0x0000000020000150                __bss_end__ = _ebss

._user_heap_stack
                0x0000000020000150      0x600 load address 0x00000000080030f8
                0x0000000020000150                . = ALIGN (0x8)
                [!provide]                        PROVIDE (end = .)
                0x0000000020000150                PROVIDE (_end = .)
                0x0000000020000350                . = (. + _Min_Heap_Size)
 *fill*         0x0000000020000150      0x200 
                0x0000000020000750                . = (. + _Min_Stack_Size)
 *fill*         0x0000000020000350      0x400 
                0x0000000020000750                . = ALIGN (0x8)

/DISCARD/
 libc.a(*)
 libm.a(*)
 libgcc.a(*)

.ARM.attributes
                0x0000000000000000       0x29
 *(.ARM.attributes)
 .ARM.attributes
                0x0000000000000000       0x1d c:/st/stm32cubeide_1.7.0/stm32cubeide/plugins/com.st.stm32cube.ide.mcu.externaltools.gnu-tools-for-stm32.9-2020-q2-update.win32_2.0.0.202105311346/tools/bin/../lib/gcc/arm-none-eabi/9.3.1/thumb/v7-m/nofp/crti.o
 .ARM.attributes
                0x000000000000001d       0x2d c:/st/stm32cubeide_1.7.0/stm32cubeide/plugins/com.st.stm32cube.ide.mcu.externaltools.gnu-tools-for-stm32.9-2020-q2-update.win32_2.0.0.202105311346/tools/bin/../lib/gcc/arm-none-eabi/9.3.1/thumb/v7-m/nofp/crtbegin.o
 .ARM.attributes
                0x000000000000004a       0x2d ./Core/Src/7segment.o
 .ARM.attributes
                0x0000000000000077       0x2d ./Core/Src/button.o
 .ARM.attributes
                0x00000000000000a4       0x2d ./Core/Src/fsm_auto.o
 .ARM.attributes
                0x00000000000000d1       0x2d ./Core/Src/fsm_manual.o
 .ARM.attributes
                0x00000000000000fe       0x33 ./Core/Src/global.o
 .ARM.attributes
                0x0000000000000131       0x2d ./Core/Src/led_traffic.o
 .ARM.attributes
                0x000000000000015e       0x2d ./Core/Src/main.o
 .ARM.attributes
                0x000000000000018b       0x2d ./Core/Src/stm32f1xx_hal_msp.o
 .ARM.attributes
                0x00000000000001b8       0x2d ./Core/Src/stm32f1xx_it.o
 .ARM.attributes
                0x00000000000001e5       0x2d ./Core/Src/system_stm32f1xx.o
 .ARM.attributes
                0x0000000000000212       0x2d ./Core/Src/timer.o
 .ARM.attributes
                0x000000000000023f       0x21 ./Core/Startup/startup_stm32f103c6tx.o
 .ARM.attributes
                0x0000000000000260       0x2d ./Drivers/STM32F1xx_HAL_Driver/Src/stm32f1xx_hal.o
 .ARM.attributes
                0x000000000000028d       0x2d ./Drivers/STM32F1xx_HAL_Driver/Src/stm32f1xx_hal_cortex.o
 .ARM.attributes
                0x00000000000002ba       0x2d ./Drivers/STM32F1xx_HAL_Driver/Src/stm32f1xx_hal_gpio.o
 .ARM.attributes
                0x00000000000002e7       0x2d ./Drivers/STM32F1xx_HAL_Driver/Src/stm32f1xx_hal_rcc.o
 .ARM.attributes
                0x0000000000000314       0x2d ./Drivers/STM32F1xx_HAL_Driver/Src/stm32f1xx_hal_tim.o
 .ARM.attributes
                0x0000000000000341       0x2d ./Drivers/STM32F1xx_HAL_Driver/Src/stm32f1xx_hal_tim_ex.o
 .ARM.attributes
                0x000000000000036e       0x2d c:/st/stm32cubeide_1.7.0/stm32cubeide/plugins/com.st.stm32cube.ide.mcu.externaltools.gnu-tools-for-stm32.9-2020-q2-update.win32_2.0.0.202105311346/tools/bin/../lib/gcc/arm-none-eabi/9.3.1/../../../../arm-none-eabi/lib/thumb/v7-m/nofp\libc_nano.a(lib_a-init.o)
 .ARM.attributes
                0x000000000000039b       0x2d c:/st/stm32cubeide_1.7.0/stm32cubeide/plugins/com.st.stm32cube.ide.mcu.externaltools.gnu-tools-for-stm32.9-2020-q2-update.win32_2.0.0.202105311346/tools/bin/../lib/gcc/arm-none-eabi/9.3.1/../../../../arm-none-eabi/lib/thumb/v7-m/nofp\libc_nano.a(lib_a-memset.o)
 .ARM.attributes
                0x00000000000003c8       0x1d c:/st/stm32cubeide_1.7.0/stm32cubeide/plugins/com.st.stm32cube.ide.mcu.externaltools.gnu-tools-for-stm32.9-2020-q2-update.win32_2.0.0.202105311346/tools/bin/../lib/gcc/arm-none-eabi/9.3.1/thumb/v7-m/nofp/crtn.o
OUTPUT(lab.elf elf32-littlearm)
LOAD linker stubs
LOAD c:/st/stm32cubeide_1.7.0/stm32cubeide/plugins/com.st.stm32cube.ide.mcu.externaltools.gnu-tools-for-stm32.9-2020-q2-update.win32_2.0.0.202105311346/tools/bin/../lib/gcc/arm-none-eabi/9.3.1/../../../../arm-none-eabi/lib/thumb/v7-m/nofp\libc.a
LOAD c:/st/stm32cubeide_1.7.0/stm32cubeide/plugins/com.st.stm32cube.ide.mcu.externaltools.gnu-tools-for-stm32.9-2020-q2-update.win32_2.0.0.202105311346/tools/bin/../lib/gcc/arm-none-eabi/9.3.1/../../../../arm-none-eabi/lib/thumb/v7-m/nofp\libm.a
LOAD c:/st/stm32cubeide_1.7.0/stm32cubeide/plugins/com.st.stm32cube.ide.mcu.externaltools.gnu-tools-for-stm32.9-2020-q2-update.win32_2.0.0.202105311346/tools/bin/../lib/gcc/arm-none-eabi/9.3.1/thumb/v7-m/nofp\libgcc.a

.debug_info     0x0000000000000000     0x9957
 .debug_info    0x0000000000000000      0x304 ./Core/Src/7segment.o
 .debug_info    0x0000000000000304      0x2e4 ./Core/Src/button.o
 .debug_info    0x00000000000005e8      0x2f8 ./Core/Src/fsm_auto.o
 .debug_info    0x00000000000008e0      0x30a ./Core/Src/fsm_manual.o
 .debug_info    0x0000000000000bea      0x300 ./Core/Src/global.o
 .debug_info    0x0000000000000eea      0x2bd ./Core/Src/led_traffic.o
 .debug_info    0x00000000000011a7      0xc68 ./Core/Src/main.o
 .debug_info    0x0000000000001e0f      0xa09 ./Core/Src/stm32f1xx_hal_msp.o
 .debug_info    0x0000000000002818      0x7b9 ./Core/Src/stm32f1xx_it.o
 .debug_info    0x0000000000002fd1      0x2be ./Core/Src/system_stm32f1xx.o
 .debug_info    0x000000000000328f      0x257 ./Core/Src/timer.o
 .debug_info    0x00000000000034e6       0x22 ./Core/Startup/startup_stm32f103c6tx.o
 .debug_info    0x0000000000003508      0x74c ./Drivers/STM32F1xx_HAL_Driver/Src/stm32f1xx_hal.o
 .debug_info    0x0000000000003c54      0xbbe ./Drivers/STM32F1xx_HAL_Driver/Src/stm32f1xx_hal_cortex.o
 .debug_info    0x0000000000004812      0x701 ./Drivers/STM32F1xx_HAL_Driver/Src/stm32f1xx_hal_gpio.o
 .debug_info    0x0000000000004f13      0x893 ./Drivers/STM32F1xx_HAL_Driver/Src/stm32f1xx_hal_rcc.o
 .debug_info    0x00000000000057a6     0x2c32 ./Drivers/STM32F1xx_HAL_Driver/Src/stm32f1xx_hal_tim.o
 .debug_info    0x00000000000083d8     0x157f ./Drivers/STM32F1xx_HAL_Driver/Src/stm32f1xx_hal_tim_ex.o

.debug_abbrev   0x0000000000000000     0x1c52
 .debug_abbrev  0x0000000000000000      0x152 ./Core/Src/7segment.o
 .debug_abbrev  0x0000000000000152      0x132 ./Core/Src/button.o
 .debug_abbrev  0x0000000000000284       0xf6 ./Core/Src/fsm_auto.o
 .debug_abbrev  0x000000000000037a      0x10e ./Core/Src/fsm_manual.o
 .debug_abbrev  0x0000000000000488       0xb6 ./Core/Src/global.o
 .debug_abbrev  0x000000000000053e       0xff ./Core/Src/led_traffic.o
 .debug_abbrev  0x000000000000063d      0x22c ./Core/Src/main.o
 .debug_abbrev  0x0000000000000869      0x1b7 ./Core/Src/stm32f1xx_hal_msp.o
 .debug_abbrev  0x0000000000000a20      0x176 ./Core/Src/stm32f1xx_it.o
 .debug_abbrev  0x0000000000000b96      0x14e ./Core/Src/system_stm32f1xx.o
 .debug_abbrev  0x0000000000000ce4      0x13d ./Core/Src/timer.o
 .debug_abbrev  0x0000000000000e21       0x12 ./Core/Startup/startup_stm32f103c6tx.o
 .debug_abbrev  0x0000000000000e33      0x1ed ./Drivers/STM32F1xx_HAL_Driver/Src/stm32f1xx_hal.o
 .debug_abbrev  0x0000000000001020      0x313 ./Drivers/STM32F1xx_HAL_Driver/Src/stm32f1xx_hal_cortex.o
 .debug_abbrev  0x0000000000001333      0x1e8 ./Drivers/STM32F1xx_HAL_Driver/Src/stm32f1xx_hal_gpio.o
 .debug_abbrev  0x000000000000151b      0x273 ./Drivers/STM32F1xx_HAL_Driver/Src/stm32f1xx_hal_rcc.o
 .debug_abbrev  0x000000000000178e      0x25e ./Drivers/STM32F1xx_HAL_Driver/Src/stm32f1xx_hal_tim.o
 .debug_abbrev  0x00000000000019ec      0x266 ./Drivers/STM32F1xx_HAL_Driver/Src/stm32f1xx_hal_tim_ex.o

.debug_aranges  0x0000000000000000      0xa70
 .debug_aranges
                0x0000000000000000       0x38 ./Core/Src/7segment.o
 .debug_aranges
                0x0000000000000038       0x20 ./Core/Src/button.o
 .debug_aranges
                0x0000000000000058       0x20 ./Core/Src/fsm_auto.o
 .debug_aranges
                0x0000000000000078       0x28 ./Core/Src/fsm_manual.o
 .debug_aranges
                0x00000000000000a0       0x18 ./Core/Src/global.o
 .debug_aranges
                0x00000000000000b8       0x58 ./Core/Src/led_traffic.o
 .debug_aranges
                0x0000000000000110       0x48 ./Core/Src/main.o
 .debug_aranges
                0x0000000000000158       0x30 ./Core/Src/stm32f1xx_hal_msp.o
 .debug_aranges
                0x0000000000000188       0x68 ./Core/Src/stm32f1xx_it.o
 .debug_aranges
                0x00000000000001f0       0x28 ./Core/Src/system_stm32f1xx.o
 .debug_aranges
                0x0000000000000218       0x30 ./Core/Src/timer.o
 .debug_aranges
                0x0000000000000248       0x28 ./Core/Startup/startup_stm32f103c6tx.o
 .debug_aranges
                0x0000000000000270       0xe0 ./Drivers/STM32F1xx_HAL_Driver/Src/stm32f1xx_hal.o
 .debug_aranges
                0x0000000000000350      0x100 ./Drivers/STM32F1xx_HAL_Driver/Src/stm32f1xx_hal_cortex.o
 .debug_aranges
                0x0000000000000450       0x58 ./Drivers/STM32F1xx_HAL_Driver/Src/stm32f1xx_hal_gpio.o
 .debug_aranges
                0x00000000000004a8       0x90 ./Drivers/STM32F1xx_HAL_Driver/Src/stm32f1xx_hal_rcc.o
 .debug_aranges
                0x0000000000000538      0x3d0 ./Drivers/STM32F1xx_HAL_Driver/Src/stm32f1xx_hal_tim.o
 .debug_aranges
                0x0000000000000908      0x168 ./Drivers/STM32F1xx_HAL_Driver/Src/stm32f1xx_hal_tim_ex.o

.debug_ranges   0x0000000000000000      0x950
 .debug_ranges  0x0000000000000000       0x28 ./Core/Src/7segment.o
 .debug_ranges  0x0000000000000028       0x10 ./Core/Src/button.o
 .debug_ranges  0x0000000000000038       0x10 ./Core/Src/fsm_auto.o
 .debug_ranges  0x0000000000000048       0x18 ./Core/Src/fsm_manual.o
 .debug_ranges  0x0000000000000060       0x48 ./Core/Src/led_traffic.o
 .debug_ranges  0x00000000000000a8       0x38 ./Core/Src/main.o
 .debug_ranges  0x00000000000000e0       0x20 ./Core/Src/stm32f1xx_hal_msp.o
 .debug_ranges  0x0000000000000100       0x58 ./Core/Src/stm32f1xx_it.o
 .debug_ranges  0x0000000000000158       0x18 ./Core/Src/system_stm32f1xx.o
 .debug_ranges  0x0000000000000170       0x20 ./Core/Src/timer.o
 .debug_ranges  0x0000000000000190       0x20 ./Core/Startup/startup_stm32f103c6tx.o
 .debug_ranges  0x00000000000001b0       0xd0 ./Drivers/STM32F1xx_HAL_Driver/Src/stm32f1xx_hal.o
 .debug_ranges  0x0000000000000280       0xf0 ./Drivers/STM32F1xx_HAL_Driver/Src/stm32f1xx_hal_cortex.o
 .debug_ranges  0x0000000000000370       0x48 ./Drivers/STM32F1xx_HAL_Driver/Src/stm32f1xx_hal_gpio.o
 .debug_ranges  0x00000000000003b8       0x80 ./Drivers/STM32F1xx_HAL_Driver/Src/stm32f1xx_hal_rcc.o
 .debug_ranges  0x0000000000000438      0x3c0 ./Drivers/STM32F1xx_HAL_Driver/Src/stm32f1xx_hal_tim.o
 .debug_ranges  0x00000000000007f8      0x158 ./Drivers/STM32F1xx_HAL_Driver/Src/stm32f1xx_hal_tim_ex.o

.debug_macro    0x0000000000000000    0x16efb
 .debug_macro   0x0000000000000000      0x1ab ./Core/Src/7segment.o
 .debug_macro   0x00000000000001ab      0xa9c ./Core/Src/7segment.o
 .debug_macro   0x0000000000000c47      0x215 ./Core/Src/7segment.o
 .debug_macro   0x0000000000000e5c       0x2e ./Core/Src/7segment.o
 .debug_macro   0x0000000000000e8a       0x22 ./Core/Src/7segment.o
 .debug_macro   0x0000000000000eac       0x22 ./Core/Src/7segment.o
 .debug_macro   0x0000000000000ece       0x8e ./Core/Src/7segment.o
 .debug_macro   0x0000000000000f5c       0x51 ./Core/Src/7segment.o
 .debug_macro   0x0000000000000fad      0x103 ./Core/Src/7segment.o
 .debug_macro   0x00000000000010b0       0x6a ./Core/Src/7segment.o
 .debug_macro   0x000000000000111a      0x1df ./Core/Src/7segment.o
 .debug_macro   0x00000000000012f9       0x1c ./Core/Src/7segment.o
 .debug_macro   0x0000000000001315       0x22 ./Core/Src/7segment.o
 .debug_macro   0x0000000000001337       0xc3 ./Core/Src/7segment.o
 .debug_macro   0x00000000000013fa      0xd23 ./Core/Src/7segment.o
 .debug_macro   0x000000000000211d     0xde75 ./Core/Src/7segment.o
 .debug_macro   0x000000000000ff92       0x6d ./Core/Src/7segment.o
 .debug_macro   0x000000000000ffff     0x34a2 ./Core/Src/7segment.o
 .debug_macro   0x00000000000134a1      0x174 ./Core/Src/7segment.o
 .debug_macro   0x0000000000013615       0x5c ./Core/Src/7segment.o
 .debug_macro   0x0000000000013671      0x5bc ./Core/Src/7segment.o
 .debug_macro   0x0000000000013c2d      0x1b7 ./Core/Src/7segment.o
 .debug_macro   0x0000000000013de4      0x1cb ./Core/Src/7segment.o
 .debug_macro   0x0000000000013faf      0x114 ./Core/Src/7segment.o
 .debug_macro   0x00000000000140c3      0x1b2 ./Core/Src/7segment.o
 .debug_macro   0x0000000000014275       0x27 ./Core/Src/7segment.o
 .debug_macro   0x000000000001429c      0x12f ./Core/Src/7segment.o
 .debug_macro   0x00000000000143cb      0x1bc ./Core/Src/7segment.o
 .debug_macro   0x0000000000014587       0x34 ./Core/Src/7segment.o
 .debug_macro   0x00000000000145bb       0x3c ./Core/Src/7segment.o
 .debug_macro   0x00000000000145f7       0x57 ./Core/Src/7segment.o
 .debug_macro   0x000000000001464e       0x87 ./Core/Src/7segment.o
 .debug_macro   0x00000000000146d5      0x183 ./Core/Src/7segment.o
 .debug_macro   0x0000000000014858      0x140 ./Core/Src/7segment.o
 .debug_macro   0x0000000000014998      0x8ed ./Core/Src/7segment.o
 .debug_macro   0x0000000000015285       0x69 ./Core/Src/7segment.o
 .debug_macro   0x00000000000152ee      0x1b0 ./Core/Src/button.o
 .debug_macro   0x000000000001549e       0x16 ./Core/Src/button.o
 .debug_macro   0x00000000000154b4      0x1e1 ./Core/Src/fsm_auto.o
 .debug_macro   0x0000000000015695       0x1c ./Core/Src/fsm_auto.o
 .debug_macro   0x00000000000156b1       0x3a ./Core/Src/fsm_auto.o
 .debug_macro   0x00000000000156eb      0x1e1 ./Core/Src/fsm_manual.o
 .debug_macro   0x00000000000158cc      0x1d7 ./Core/Src/global.o
 .debug_macro   0x0000000000015aa3      0x1ab ./Core/Src/led_traffic.o
 .debug_macro   0x0000000000015c4e      0x1f3 ./Core/Src/main.o
 .debug_macro   0x0000000000015e41      0x1a1 ./Core/Src/stm32f1xx_hal_msp.o
 .debug_macro   0x0000000000015fe2      0x1ab ./Core/Src/stm32f1xx_it.o
 .debug_macro   0x000000000001618d      0x197 ./Core/Src/system_stm32f1xx.o
 .debug_macro   0x0000000000016324      0x1ab ./Core/Src/timer.o
 .debug_macro   0x00000000000164cf      0x1bb ./Drivers/STM32F1xx_HAL_Driver/Src/stm32f1xx_hal.o
 .debug_macro   0x000000000001668a      0x197 ./Drivers/STM32F1xx_HAL_Driver/Src/stm32f1xx_hal_cortex.o
 .debug_macro   0x0000000000016821      0x202 ./Drivers/STM32F1xx_HAL_Driver/Src/stm32f1xx_hal_gpio.o
 .debug_macro   0x0000000000016a23      0x1a9 ./Drivers/STM32F1xx_HAL_Driver/Src/stm32f1xx_hal_rcc.o
 .debug_macro   0x0000000000016bcc      0x198 ./Drivers/STM32F1xx_HAL_Driver/Src/stm32f1xx_hal_tim.o
 .debug_macro   0x0000000000016d64      0x197 ./Drivers/STM32F1xx_HAL_Driver/Src/stm32f1xx_hal_tim_ex.o

.debug_line     0x0000000000000000     0xc7c6
 .debug_line    0x0000000000000000      0x74f ./Core/Src/7segment.o
 .debug_line    0x000000000000074f      0x6ea ./Core/Src/button.o
 .debug_line    0x0000000000000e39      0x886 ./Core/Src/fsm_auto.o
 .debug_line    0x00000000000016bf      0x93c ./Core/Src/fsm_manual.o
 .debug_line    0x0000000000001ffb      0x683 ./Core/Src/global.o
 .debug_line    0x000000000000267e      0x71b ./Core/Src/led_traffic.o
 .debug_line    0x0000000000002d99      0x7e2 ./Core/Src/main.o
 .debug_line    0x000000000000357b      0x6a1 ./Core/Src/stm32f1xx_hal_msp.o
 .debug_line    0x0000000000003c1c      0x73f ./Core/Src/stm32f1xx_it.o
 .debug_line    0x000000000000435b      0x6e3 ./Core/Src/system_stm32f1xx.o
 .debug_line    0x0000000000004a3e      0x6c4 ./Core/Src/timer.o
 .debug_line    0x0000000000005102       0x86 ./Core/Startup/startup_stm32f103c6tx.o
 .debug_line    0x0000000000005188      0x910 ./Drivers/STM32F1xx_HAL_Driver/Src/stm32f1xx_hal.o
 .debug_line    0x0000000000005a98      0xaf8 ./Drivers/STM32F1xx_HAL_Driver/Src/stm32f1xx_hal_cortex.o
 .debug_line    0x0000000000006590      0x993 ./Drivers/STM32F1xx_HAL_Driver/Src/stm32f1xx_hal_gpio.o
 .debug_line    0x0000000000006f23      0xd1c ./Drivers/STM32F1xx_HAL_Driver/Src/stm32f1xx_hal_rcc.o
 .debug_line    0x0000000000007c3f     0x3361 ./Drivers/STM32F1xx_HAL_Driver/Src/stm32f1xx_hal_tim.o
 .debug_line    0x000000000000afa0     0x1826 ./Drivers/STM32F1xx_HAL_Driver/Src/stm32f1xx_hal_tim_ex.o

.debug_str      0x0000000000000000    0x820cb
 .debug_str     0x0000000000000000    0x7f462 ./Core/Src/7segment.o
                                      0x7f79f (size before relaxing)
 .debug_str     0x000000000007f462       0xbc ./Core/Src/button.o
                                      0x7f7ce (size before relaxing)
 .debug_str     0x000000000007f51e      0x153 ./Core/Src/fsm_auto.o
                                      0x7f905 (size before relaxing)
 .debug_str     0x000000000007f671       0x45 ./Core/Src/fsm_manual.o
                                      0x7f915 (size before relaxing)
 .debug_str     0x000000000007f6b6       0x15 ./Core/Src/global.o
                                      0x7f8ba (size before relaxing)
 .debug_str     0x000000000007f6cb       0x6e ./Core/Src/led_traffic.o
                                      0x7f7d2 (size before relaxing)
 .debug_str     0x000000000007f739      0x6fb ./Core/Src/main.o
                                      0x8009f (size before relaxing)
 .debug_str     0x000000000007fe34      0x2ba ./Core/Src/stm32f1xx_hal_msp.o
                                      0x7ff0c (size before relaxing)
 .debug_str     0x00000000000800ee       0xcd ./Core/Src/stm32f1xx_it.o
                                      0x7fc6e (size before relaxing)
 .debug_str     0x00000000000801bb       0x52 ./Core/Src/system_stm32f1xx.o
                                      0x7f774 (size before relaxing)
 .debug_str     0x000000000008020d       0x45 ./Core/Src/timer.o
                                      0x7f744 (size before relaxing)
 .debug_str     0x0000000000080252       0x36 ./Core/Startup/startup_stm32f103c6tx.o
                                         0x68 (size before relaxing)
 .debug_str     0x0000000000080288      0x304 ./Drivers/STM32F1xx_HAL_Driver/Src/stm32f1xx_hal.o
                                      0x7fdcb (size before relaxing)
 .debug_str     0x000000000008058c      0x300 ./Drivers/STM32F1xx_HAL_Driver/Src/stm32f1xx_hal_cortex.o
                                      0x7fdd3 (size before relaxing)
 .debug_str     0x000000000008088c      0x324 ./Drivers/STM32F1xx_HAL_Driver/Src/stm32f1xx_hal_gpio.o
                                      0x7fb38 (size before relaxing)
 .debug_str     0x0000000000080bb0      0x24f ./Drivers/STM32F1xx_HAL_Driver/Src/stm32f1xx_hal_rcc.o
                                      0x7fb71 (size before relaxing)
 .debug_str     0x0000000000080dff      0xdde ./Drivers/STM32F1xx_HAL_Driver/Src/stm32f1xx_hal_tim.o
                                      0x80b5a (size before relaxing)
 .debug_str     0x0000000000081bdd      0x4ee ./Drivers/STM32F1xx_HAL_Driver/Src/stm32f1xx_hal_tim_ex.o
                                      0x802fb (size before relaxing)

.comment        0x0000000000000000       0x53
 .comment       0x0000000000000000       0x53 ./Core/Src/7segment.o
                                         0x54 (size before relaxing)
 .comment       0x0000000000000053       0x54 ./Core/Src/button.o
 .comment       0x0000000000000053       0x54 ./Core/Src/fsm_auto.o
 .comment       0x0000000000000053       0x54 ./Core/Src/fsm_manual.o
 .comment       0x0000000000000053       0x54 ./Core/Src/global.o
 .comment       0x0000000000000053       0x54 ./Core/Src/led_traffic.o
 .comment       0x0000000000000053       0x54 ./Core/Src/main.o
 .comment       0x0000000000000053       0x54 ./Core/Src/stm32f1xx_hal_msp.o
 .comment       0x0000000000000053       0x54 ./Core/Src/stm32f1xx_it.o
 .comment       0x0000000000000053       0x54 ./Core/Src/system_stm32f1xx.o
 .comment       0x0000000000000053       0x54 ./Core/Src/timer.o
 .comment       0x0000000000000053       0x54 ./Drivers/STM32F1xx_HAL_Driver/Src/stm32f1xx_hal.o
 .comment       0x0000000000000053       0x54 ./Drivers/STM32F1xx_HAL_Driver/Src/stm32f1xx_hal_cortex.o
 .comment       0x0000000000000053       0x54 ./Drivers/STM32F1xx_HAL_Driver/Src/stm32f1xx_hal_gpio.o
 .comment       0x0000000000000053       0x54 ./Drivers/STM32F1xx_HAL_Driver/Src/stm32f1xx_hal_rcc.o
 .comment       0x0000000000000053       0x54 ./Drivers/STM32F1xx_HAL_Driver/Src/stm32f1xx_hal_tim.o
 .comment       0x0000000000000053       0x54 ./Drivers/STM32F1xx_HAL_Driver/Src/stm32f1xx_hal_tim_ex.o

.debug_frame    0x0000000000000000     0x2888
 .debug_frame   0x0000000000000000       0xa0 ./Core/Src/7segment.o
 .debug_frame   0x00000000000000a0       0x34 ./Core/Src/button.o
 .debug_frame   0x00000000000000d4       0x2c ./Core/Src/fsm_auto.o
 .debug_frame   0x0000000000000100       0x4c ./Core/Src/fsm_manual.o
 .debug_frame   0x000000000000014c       0xf0 ./Core/Src/led_traffic.o
 .debug_frame   0x000000000000023c       0xd4 ./Core/Src/main.o
 .debug_frame   0x0000000000000310       0x80 ./Core/Src/stm32f1xx_hal_msp.o
 .debug_frame   0x0000000000000390      0x120 ./Core/Src/stm32f1xx_it.o
 .debug_frame   0x00000000000004b0       0x58 ./Core/Src/system_stm32f1xx.o
 .debug_frame   0x0000000000000508       0x88 ./Core/Src/timer.o
 .debug_frame   0x0000000000000590      0x334 ./Drivers/STM32F1xx_HAL_Driver/Src/stm32f1xx_hal.o
 .debug_frame   0x00000000000008c4      0x428 ./Drivers/STM32F1xx_HAL_Driver/Src/stm32f1xx_hal_cortex.o
 .debug_frame   0x0000000000000cec      0x14c ./Drivers/STM32F1xx_HAL_Driver/Src/stm32f1xx_hal_gpio.o
 .debug_frame   0x0000000000000e38      0x218 ./Drivers/STM32F1xx_HAL_Driver/Src/stm32f1xx_hal_rcc.o
 .debug_frame   0x0000000000001050     0x11b4 ./Drivers/STM32F1xx_HAL_Driver/Src/stm32f1xx_hal_tim.o
 .debug_frame   0x0000000000002204      0x638 ./Drivers/STM32F1xx_HAL_Driver/Src/stm32f1xx_hal_tim_ex.o
 .debug_frame   0x000000000000283c       0x2c c:/st/stm32cubeide_1.7.0/stm32cubeide/plugins/com.st.stm32cube.ide.mcu.externaltools.gnu-tools-for-stm32.9-2020-q2-update.win32_2.0.0.202105311346/tools/bin/../lib/gcc/arm-none-eabi/9.3.1/../../../../arm-none-eabi/lib/thumb/v7-m/nofp\libc_nano.a(lib_a-init.o)
 .debug_frame   0x0000000000002868       0x20 c:/st/stm32cubeide_1.7.0/stm32cubeide/plugins/com.st.stm32cube.ide.mcu.externaltools.gnu-tools-for-stm32.9-2020-q2-update.win32_2.0.0.202105311346/tools/bin/../lib/gcc/arm-none-eabi/9.3.1/../../../../arm-none-eabi/lib/thumb/v7-m/nofp\libc_nano.a(lib_a-memset.o)
